[docy.farmui.com/index.html]
[docy.farmui.com/_next/static/media/49ee451642dd5174-s.p.ttf]
[assets.basehub.com/fa068a12/uXVXN7g1Fc2EjO8OWn0HG/09409b.png]
[docy.farmui.com/_next/static/css/f7397833ce256800.css]
[docy.farmui.com/_next/static/chunks/webpack-d7a82dfffec75bb7.js]
[docy.farmui.com/_next/static/chunks/f14ca715-3b6e8879847075a3.js]
[docy.farmui.com/_next/static/chunks/465-292c6c7e635b3922.js]
[docy.farmui.com/_next/static/chunks/main-app-ce3d124fb4b4a678.js]
[docy.farmui.com/_next/static/chunks/618-e51792faea79a39d.js]
[docy.farmui.com/_next/static/chunks/570-ab9ee973ee340b3e.js]
[docy.farmui.com/_next/static/chunks/227-6ad92adfe54588bf.js]
[docy.farmui.com/_next/static/chunks/361-1fa1c16a7f72f14f.js]
[docy.farmui.com/_next/static/chunks/969-a0603422c65e25d6.js]
[docy.farmui.com/_next/static/chunks/879-34844ec8fe52767e.js]
[docy.farmui.com/_next/static/chunks/559-6707a40632cbbd12.js]
[docy.farmui.com/_next/static/chunks/305-8bc535ce101b202b.js]
[docy.farmui.com/_next/static/chunks/app/page-3d0cd02ef8b84dee.js]
[backblue.gif]
[fade.gif]
[index.html]
[docy.farmui.com/_next/static/chunks/app/layout-93c1e4744a118018.js]
[docy.farmui.com/favicon.ico]
[docy.farmui.com/_next/static/chunks/polyfills-78c92fac7aa8fdd8.js]
[docy.farmui.com/about.14.delayed]
[docy.farmui.com/blogs.html]
[docy.farmui.com/pricing.16.delayed]
[docy.farmui.com/changelog.html]
[docy.farmui.com/docs.html]
[docy.farmui.com/login.html]
[docy.farmui.com/_next/static/media/figma.0d78130b.svg]
[docy.farmui.com/_next/static/media/video-player.e8496657.svg]
[docy.farmui.com/blogs/building-using-docy.html]
[docy.farmui.com/AdamT.1e.delayed]
[docy.farmui.com/_data_image/svg+xml,_svg width='15' height='15' viewBox='0/www.w3.org/2000/svg'__g fill='#3f3f46' fill-opacity='0.4' fill-/__/g__/svg__.20.delayed]
[docy.farmui.com/_next/static/media/githubs.1df88d99.svg]
[assets.basehub.com/fa068a12/uXVXN7g1Fc2EjO8OWn0HG/09524c.png]
[docy.farmui.com/index.html]
[docy.farmui.com/_next/static/css/0c7f5c8e8e533f44.css]
[docy.farmui.com/_next/static/css/f7397833ce256800.css]
[docy.farmui.com/404]
[docy.farmui.com/_next/static/chunks/app/blogs/page-5e9da249fb05a36a.js]
[docy.farmui.com/blogs.html]
[docy.farmui.com/404-2]
[docy.farmui.com/_next/static/chunks/app/changelog/page-372c0e6f0fc6686c.js]
[docy.farmui.com/_next/static/chunks/app/changelog/layout-76e0bf657d6c2077.js]
[docy.farmui.com/changelog.html]
[docy.farmui.com/_next/static/chunks/app/docs/page-d18dff7e03487ab7.js]
[docy.farmui.com/_next/static/chunks/app/docs/layout-9ef9f3f4f31a09e3.js]
[docy.farmui.com/docs/quickstart.html]
[docy.farmui.com/docs/sdks.html]
[docy.farmui.com/docs/authentication.html]
[docy.farmui.com/docs/pagination.html]
[docy.farmui.com/docs/errors.html]
[docy.farmui.com/docs/webhooks.html]
[docy.farmui.com/docs/contacts.html]
[docy.farmui.com/docs/conversations.html]
[docy.farmui.com/docs/messages.html]
[docy.farmui.com/docs/groups.html]
[docy.farmui.com/docs.html]
[docy.farmui.com/docs/attachments.html]
[docy.farmui.com/login.html]
[docy.farmui.com/_next/static/media/figma.0d78130b.svg]
[docy.farmui.com/_next/imagef149.html]
[docy.farmui.com/_next/static/media/video-player.e8496657.svg]
[docy.farmui.com/_next/static/chunks/app/(auth)/login/page-8edda0385faab3c9.js]
[docy.farmui.com/blogs/building-using-docy.html]
[docy.farmui.com/404-3]
[docy.farmui.com/_data_image/svg+xml,_svg width='15' height='15' viewBox='0/www.w3.org/2000/svg'__g fill='#3f3f46' fill-opacity='0.4' fill-/__/g__/404]
[docy.farmui.com/_next/static/media/githubs.1df88d99.svg]
[docy.farmui.com/_next/static/chunks/app/blogs/building-using-docy/page-7c06f0a4376df4c9.js]
[resend.com/_next/image113b.html]
[resend.com/_next/image37c4.html]
[resend.com/_next/imagec3ae.html]
[docy.farmui.com/_next/static/chunks/app/docs/quickstart/page-5671005cdad30cea.js]
[docy.farmui.com/sdks.39.delayed]
[docy.farmui.com/conversations.3a.delayed]
[docy.farmui.com/errors.3b.delayed]
[docy.farmui.com/docs/quickstart.html]
[docy.farmui.com/_next/static/chunks/app/docs/sdks/page-c26a7bc6e12c180a.js]
[docy.farmui.com/_next/static/media/php.2e2ae735.svg]
[docy.farmui.com/_next/static/media/node.9b20f647.svg]
[docy.farmui.com/docs/sdks.html]
[docy.farmui.com/_next/static/media/go.135b57cb.svg]
[docy.farmui.com/_next/static/chunks/app/docs/authentication/page-8f45e04707badf5f.js]
[docy.farmui.com/docs/authentication.html]
[docy.farmui.com/_next/static/chunks/app/docs/pagination/page-4fa2e70773852815.js]
[docy.farmui.com/docs/pagination.html]
[docy.farmui.com/_next/static/chunks/app/docs/errors/page-06a84c66acf22eef.js]
[docy.farmui.com/docs/errors.html]
[docy.farmui.com/_next/static/chunks/app/docs/webhooks/page-214507d9b245fc43.js]
[docy.farmui.com/docs/webhooks.html]
[docy.farmui.com/_next/static/chunks/app/docs/contacts/page-09a50e9d5e138440.js]
[docy.farmui.com/docs/contacts.html]
[docy.farmui.com/_next/static/chunks/app/docs/conversations/page-7927db21e4c291cf.js]
[docy.farmui.com/docs/conversations.html]
[docy.farmui.com/_next/static/chunks/app/docs/messages/page-c40d1d14d2b33148.js]
[docy.farmui.com/docs/messages.html]
[docy.farmui.com/_next/static/chunks/app/docs/groups/page-fa688a159751f749.js]
[docy.farmui.com/docs/groups.html]
[docy.farmui.com/_next/static/chunks/app/docs/attachments/page-f7cfe3155586587e.js]
[docy.farmui.com/docs/Invoice_room_service__Plaza_Hotel_updated.50.delayed]
[docy.farmui.com/docs/attachments.html]
[docy.farmui.com/404-4]
[docy.farmui.com/404-5]
[docy.farmui.com/404-6]
[docy.farmui.com/_next/static/media/php.2e2ae735.svg]
[docy.farmui.com/_next/static/media/ruby.4c6b71be.svg]
[docy.farmui.com/_next/static/media/node.9b20f647.svg]
[docy.farmui.com/_next/static/media/python.ab26a920.svg]
[docy.farmui.com/_next/static/media/go.135b57cb.svg]
[docy.farmui.com/docs/404]
[assets.docy.chat/avatars/kevin.jpg]
[assets.docy.chat/avatars/frank.jpg]
[assets.docy.chat/avatars/buzzboy.jpg]
[assets.docy.chat/avatars/linnie.jpg]
[assets.docy.chat/avatars/plazahotel.jpg]
