[space-hole.vercel.app/index.html]
[space-hole.vercel.app/_next/static/media/7e6a2e30184bb114-s.p.woff2]
[space-hole.vercel.app/_next/static/media/a34f9d1faa5f3315-s.p.woff2]
[tailwindcss.com/_next/static/media/docs@30.8b9a76a2.2.delayed]
[space-hole.vercel.app/grid.svg]
[usman-babakura.vercel.app/mainIconsdark.svg]
[framerusercontent.com/images/mS28QhWcSped7JSQ7vltnisa5c8bf23.png]
[space-hole.vercel.app/b5.svg]
[framerusercontent.com/images/jvlcne0ABTxg7RFwM1Ra0R1p47Ebf23.png]
[assets.basehub.com/fa068a12/uXVXN7g1Fc2EjO8OWn0HG/09409b.png]
[res.cloudinary.com/dfhp33ufc/image/upload/v1715881430/vercel_wordmark_dark_mhv8u8.svg]
[pipe.com/_next/image.a6d9c.delayed]
[space-hole.vercel.app/_next/static/css/9175a4eeac2643a8.css]
[space-hole.vercel.app/_next/static/chunks/webpack-3179d24182ae7c23.js]
[space-hole.vercel.app/_next/static/chunks/f14ca715-922a6cdad768e573.js]
[space-hole.vercel.app/_next/static/chunks/465-6b2e424a060f821e.js]
[space-hole.vercel.app/_next/static/chunks/main-app-ce3d124fb4b4a678.js]
[space-hole.vercel.app/_next/static/chunks/0f99ff65-11f748bee45926de.js]
[space-hole.vercel.app/_next/static/chunks/e507d130-24cc712ab1a88d25.js]
[space-hole.vercel.app/_next/static/chunks/98ac4a98-6e37c7283d4d8eb0.js]
[space-hole.vercel.app/_next/static/chunks/863-16a087b33fba94a3.js]
[space-hole.vercel.app/_next/static/chunks/740-2beca06462041725.js]
[space-hole.vercel.app/_next/static/chunks/app/page-cc55eb4ddf26a8d1.js]
[backblue.gif]
[fade.gif]
[index.html]
[space-hole.vercel.app/_next/static/chunks/app/layout-d74d2915e59d3b89.js]
[space-hole.vercel.app/favicon.ico]
[external.html]
[space-hole.vercel.app/_next/static/chunks/polyfills-78c92fac7aa8fdd8.js]
[space-hole.vercel.app/pricing.19.delayed]
[space-hole.vercel.app/blog.1a.delayed]
[space-hole.vercel.app/company.1b.delayed]
[assets.basehub.com/fa068a12/uXVXN7g1Fc2EjO8OWn0HG/09524c.png]
[space-hole.vercel.app/index.html]
[tailwindcss.com/_next/static/media/404]
[space-hole.vercel.app/grid.svg]
[usman-babakura.vercel.app/mainIconsdark.svg]
[space-hole.vercel.app/b5.svg]
[res.cloudinary.com/dfhp33ufc/image/upload/v1715881430/vercel_wordmark_dark_mhv8u8.svg]
[pipe.com/_next/hero-left6d9c.bin]
[space-hole.vercel.app/_next/static/media/55c55f0601d81cf3-s.woff2]
[space-hole.vercel.app/_next/static/media/26a46d62cd723877-s.woff2]
[space-hole.vercel.app/_next/static/media/97e0cb1ae144a2a9-s.woff2]
[space-hole.vercel.app/_next/static/media/581909926a08bbc8-s.woff2]
[space-hole.vercel.app/_next/static/media/df0a9ae256c0569c-s.woff2]
[space-hole.vercel.app/_next/static/media/6d93bde91c0c2823-s.woff2]
[space-hole.vercel.app/_next/static/media/56d4c7a1c09c3371-s.woff2]
[framerusercontent.com/images/7CJtT0Pu3w1vNADktNltoMFC9J4.png]
[space-hole.vercel.app/_next/static/css/9175a4eeac2643a8.css]
[space-hole.vercel.app/404]
[space-hole.vercel.app/404-2]
[space-hole.vercel.app/404-3]
[pipe.com/_next/image28c0.html]
